Circuit: * C:\Users\Emre\Desktop\Emre\SPICE projects\NMOS Tube emulation\DC_Sweep.asc

Error on line 3 : v1 n002 0 v
	 Unknown parameter "v"
Error on line 4 : v2 n001 0 v
	 Unknown parameter "v"
V2: Missing value, assumed 0V @ DC
V1: Missing value, assumed 0V @ DC
.step v2=0
.step v2=0.05
.step v2=0.1
.step v2=0.15
.step v2=0.2
.step v2=0.25
.step v2=0.3
.step v2=0.35
.step v2=0.4
.step v2=0.45
.step v2=0.5
.step v2=0.55
.step v2=0.6
.step v2=0.65
.step v2=0.7
.step v2=0.75
.step v2=0.8

Date: Mon Feb 16 00:47:00 2026
Total elapsed time: 0.194 seconds.

tnom = 27
temp = 27
method = trap
totiter = 4164
traniter = 0
tranpoints = 0
accept = 0
rejected = 0
matrix size = 7
fillins = 0
solver = Normal
Matrix Compiler1: 196 bytes object code size  0.1/0.0/[0.0]
Matrix Compiler2: 447 bytes object code size  0.0/0.0/[0.0]

