Circuit: * C:\Users\Emre\Desktop\Emre\SPICE projects\Projects\Tube stuff\12AX7 model\12AX7_replica.asc

Error on line 2 : v1 gk 0 v
	 Unknown parameter "v"
Error on line 3 : v2 ak 0 v
	 Unknown parameter "v"
V2: Missing value, assumed 0V @ DC
V1: Missing value, assumed 0V @ DC
.step v1=0
.step v1=-0.5
.step v1=-1
.step v1=-1.5
.step v1=-2
.step v1=-2.5
.step v1=-3
.step v1=-3.5
.step v1=-4
.step v1=-4.5
.step v1=-5

Date: Wed Aug 05 23:48:43 2026
Total elapsed time: 0.037 seconds.

tnom = 27
temp = 27
method = trap
totiter = 1444
traniter = 0
tranpoints = 0
accept = 0
rejected = 0
matrix size = 20
fillins = 0
solver = Normal
Matrix Compiler1: 504 bytes object code size  0.1/0.1/[0.0]
Matrix Compiler2: 1.09 KB object code size  0.1/0.1/[0.0]

